// Jest Snapshot v1, https://goo.gl/fbAQLP

exports[`test example 1 two plus two is four 1`] = `4`;
