// Jest Snapshot v1, https://goo.gl/fbAQLP

exports[`<App /> should render 1`] = `
<div
  class="App"
>
  <header
    class="App-header"
  >
    <img
      alt="logo"
      class="App-logo"
      src="logo.svg"
    />
    <div
      class="mb-2"
    >
      <a
        class="btn btn-primary mr-1"
        href="/welcome"
      >
        Welcome
      </a>
      <a
        class="btn btn-secondary mr-1"
        href="/example/redux"
      >
        Counter Example
      </a>
      <a
        class="btn btn-secondary mr-1"
        href="/example/style"
      >
        Styles Example
      </a>
      <a
        class="btn btn-secondary mr-1"
        href="/users"
      >
        API Call Example
      </a>
    </div>
    <p>
      Edit 
      <code>
        src/containers/App/index.js
      </code>
       and save to reload.
    </p>
    <a
      class="App-link"
      href="https://reactjs.org"
      rel="noopener noreferrer"
      target="_blank"
    >
      Learn React
    </a>
  </header>
</div>
`;
